// Jest Snapshot v1, https://goo.gl/fbAQLP

exports[`formatDatasetFilename case 0 1`] = `"undefined-undefined"`;

exports[`parseDatasetCSV parses the Google Sheets CSV and turns it into a dataset 1`] = `
Object {
  "entries": Array [
    Object {
      "id": "ms_aquitainian",
      "name": "*Aquitainian",
      "skills": Array [
        "Animal Care",
        "Cool",
        "Gossip",
        "Intimidate",
        "Leadership",
        "Lore (Aquitaine)",
        "Lore (Bretonnia)",
        "Melee (Basic)",
        "Melee (Cavalry)",
        "Ranged (Bow)",
        "Ride (Horse)",
        "Sail (Any)",
        "Swim",
      ],
      "talents": Array [
        "Noble Blood, Beneath Notice",
        "Coolheaded, Relentless",
        3,
      ],
    },
    Object {
      "id": "ms_artoin",
      "name": "*Artoin",
      "skills": Array [
        "Animal Care",
        "Cool",
        "Endurance",
        "Evaluate",
        "Intuition",
        "Lore (Artois)",
        "Lore (Bretonnia)",
        "Melee (Basic)",
        "Melee (Cavalry)",
        "Outdoor Survival",
        "Perception",
        "Ride (Horse)",
        "Track",
      ],
      "talents": Array [
        "Noble Blood, Beneath Notice",
        "Sharp, Strider (Forests)",
        3,
      ],
    },
    Object {
      "id": "ms_bastonnian",
      "name": "*Bastonnian",
      "skills": Array [
        "Animal Care",
        "Cool",
        "Endurance",
        "Gossip",
        "Leadership",
        "Lore (Bastonne)",
        "Lore (Bretonnia)",
        "Lore (Genealogy)",
        "Melee (Basic)",
        "Melee (Cavalry)",
        "Outdoor Survival",
        "Perception",
        "Ride (Horse)",
      ],
      "talents": Array [
        "Noble Blood, Beneath Notice",
        "Luck, Stout-hearted",
        3,
      ],
    },
    Object {
      "id": "ms_bordelen",
      "name": "*Bordelen",
      "skills": Array [
        "Animal Care",
        "Consume Alcohol",
        "Gossip",
        "Haggle",
        "Intuition",
        "Lore (Bordeleaux)",
        "Lore (Bretonnia)",
        "Melee (Basic)",
        "Melee (Cavalry)",
        "Ranged (Bow)",
        "Ride (Horse)",
        "Row",
        "Sail (Any)",
        "Swim",
      ],
      "talents": Array [
        "Noble Blood, Beneath Notice",
        "Carouser, Sea Legs",
        3,
      ],
    },
    Object {
      "id": "ms_brionnian",
      "name": "*Brionnian",
      "skills": Array [
        "Animal Care",
        "Art (Poetry)",
        "Charm",
        "Cool",
        "Entertain (Storytelling)",
        "Gossip",
        "Language (Estalian)",
        "Lore (Bretonnia)",
        "Lore (Brionne)",
        "Melee (Basic)",
        "Melee (Cavalry)",
        "Ride (Horse)",
        "Swim",
      ],
      "talents": Array [
        "Noble Blood, Beneath Notice",
        "Suave, Blather",
        3,
      ],
    },
    Object {
      "id": "ms_carcassonnian",
      "name": "*Carcassonnian",
      "skills": Array [
        "Animal Care",
        "Charm",
        "Cool",
        "Evaluate",
        "Gossip",
        "Intuition",
        "Language (Estalian)",
        "Leadership",
        "Lore (Bretonnia)",
        "Lore (Carcassonne)",
        "Melee (Basic)",
        "Melee (Cavalry)",
        "Ride (Horse)",
      ],
      "talents": Array [
        "Noble Blood, Beneath Notice",
        "Warrior Born",
        3,
      ],
    },
    Object {
      "id": "ms_couronnian",
      "name": "*Couronnian",
      "skills": Array [
        "Animal Care",
        "Animal Training (Horse)",
        "Charm",
        "Charm Animal",
        "Gossip",
        "Language (Reikspiel)",
        "Language (Wastelander)",
        "Leadership",
        "Lore (Bretonnia)",
        "Lore (Couronne)",
        "Melee (Basic)",
        "Melee (Cavalry)",
        "Ride (Horse)",
      ],
      "talents": Array [
        "Noble Blood, Beneath Notice",
        "Suave, Trick Rider",
        3,
      ],
    },
    Object {
      "id": "ms_gisoren",
      "name": "*Gisoren",
      "skills": Array [
        "Animal Care",
        "Charm",
        "Climb",
        "Gossip",
        "Language (Reikspiel)",
        "Language (Wastelander)",
        "Leadership",
        "Lore (Bretonnia)",
        "Lore (Gisoreux)",
        "Melee (Basic)",
        "Melee (Cavalry)",
        "Outdoor Survival",
        "Ride (Horse)",
        "Track",
      ],
      "talents": Array [
        "Noble Blood, Beneath Notice",
        "Gregarious, Sharp",
        3,
      ],
    },
    Object {
      "id": "ms_languillian",
      "name": "*L'Anguillian",
      "skills": Array [
        "Animal Care",
        "Charm",
        "Evaluate",
        "Gossip",
        "Language (Reikspiel)",
        "Language (Wastelander)",
        "Lore (Bretonnia)",
        "Lore (L'Anguille)",
        "Melee (Basic)",
        "Melee (Cavalry)",
        "Ride (Horse)",
        "Sail (Any)",
        "Swim",
      ],
      "talents": Array [
        "Noble Blood, Beneath Notice",
        "Coolheaded, Sea Legs",
        3,
      ],
    },
    Object {
      "id": "ms_lyonen",
      "name": "*Lyonen",
      "skills": Array [
        "Animal Care",
        "Bribery",
        "Charm",
        "Gossip",
        "Haggle",
        "Intuition",
        "Lore (Bretonnia)",
        "Lore (Lyonesse)",
        "Melee (Basic)",
        "Melee (Cavalry)",
        "Ride (Horse)",
        "Sail (Any)",
      ],
      "talents": Array [
        "Noble Blood, Beneath Notice",
        "Schemer, Savvy",
        3,
      ],
    },
    Object {
      "id": "ms_montfortian",
      "name": "*Montfortian",
      "skills": Array [
        "Animal Care",
        "Charm",
        "Climb",
        "Consume Alcohol",
        "Endurance",
        "Evaluate",
        "Gossip",
        "Language (Reikspiel)",
        "Language (Wastelander)",
        "Lore (Bretonnia)",
        "Lore (Montfort)",
        "Melee (Basic)",
        "Melee (Cavalry)",
        "Ride (Horse)",
      ],
      "talents": Array [
        "Noble Blood, Beneath Notice",
        "Very Resilient, Strider (Mountains)",
        3,
      ],
    },
    Object {
      "id": "ms_mousillonian",
      "name": "*Mousillonian",
      "skills": Array [
        "Animal Care",
        "Consume Alcohol",
        "Endurance",
        "Gossip",
        "Intimidate",
        "Lore (Bretonnia)",
        "Lore (Mousillon)",
        "Melee (Basic)",
        "Melee (Cavalry)",
        "Outdoor Survival",
        "Perception",
        "Ride (Horse)",
        "Stealth (Urban)",
      ],
      "talents": Array [
        "Noble Blood, Beneath Notice",
        "Strong-Minded, Very Resilient",
        3,
      ],
    },
    Object {
      "id": "ms_parravonese",
      "name": "*Parravonese",
      "skills": Array [
        "Animal Care",
        "Climb",
        "Consume Alcohol",
        "Cool",
        "Gossip",
        "Language (Reikspiel)",
        "Lore (Bretonnia)",
        "Lore (Parravon)",
        "Melee (Basic)",
        "Melee (Cavalry)",
        "Outdoor Survival",
        "Perception",
        "Ride",
      ],
      "talents": Array [
        "Noble Blood, Beneath Notice",
        "Seasoned Traveller, Sixth Sense",
        3,
      ],
    },
    Object {
      "id": "ms_queneller",
      "name": "*Queneller",
      "skills": Array [
        "Animal Care",
        "Climb",
        "Consume Alcohol",
        "Cool",
        "Endurance",
        "Gossip",
        "Intimidate",
        "Lore (Bretonnia)",
        "Lore (Greenskins)",
        "Lore (Quenelles)",
        "Melee (Basic)",
        "Melee (Cavalry)",
        "Perception",
        "Ride (Horse)",
      ],
      "talents": Array [
        "Noble Blood, Beneath Notice",
        "Hatred (Greenskins)",
        3,
      ],
    },
    Object {
      "id": "ms_edge_caseser",
      "name": "*Edge Caseser",
      "skills": Array [
        "Consume Alcohol",
        "Endurance",
        "Lore (Any)",
        "Lore (L'Anguille)",
      ],
      "talents": Array [
        "Doomed, Noble Blood, random[2]",
        "Stout-hearted",
        "Witch!",
        "Read/Write",
        1,
        3,
      ],
    },
  ],
  "hash": "f82e2a233d0a",
  "id": "sheet-name",
}
`;

exports[`prepareManifestPayload case 0 1`] = `
Object {
  "entries": Array [],
}
`;

exports[`prepareManifestPayload case 1 1`] = `
Object {
  "entries": Array [
    Object {
      "filename": "first-hash",
      "hash": "hash",
      "id": "first",
    },
    Object {
      "filename": "second-hash",
      "hash": "hash",
      "id": "second",
    },
  ],
}
`;
